"Date","Km","Alt gain","Description","Weather"
"\d{4}-\d{2}-\d{2}","99","1234","test ride","sunny","✎ Edit"