<pre><ul><li>W \d \d{2,3} \d{3,4} 
        </li><li>M \d{2} \d{3,4} \d{3,5} 
        </li><li>Y \d{3} \d{3,5} \d{4,6} 
        </li></ul></pre>