"Date","Km","Alt gain","Description","Weather"
"\d{4}-\d{2}-\d{2}","88","1111","test ride edited","rainy","✎ Edit"